commit 78bd3b47b959fee6607de627c760d442b9753d6a
Author: Larah Mônnica de Oliveira Lima <larah.lima@edu.senai.br>
Date:   Fri Sep 11 10:30:23 2026 -0300

    aula 09: realizacao do "Hora de praticar!"

commit ac0b32c8cd3ec56de38f22b584c8deed11b6e106
Author: Larah Mônnica de Oliveira Lima <larah.lima@edu.senai.br>
Date:   Fri Sep 11 10:16:55 2026 -0300

    aula 09: realizacao do que se pede para o estilo.css

commit 5ab9d59d8f94ee825d11c39ad96072eb94eb1ee4
Author: Larah Mônnica de Oliveira Lima <larah.lima@edu.senai.br>
Date:   Fri Sep 11 10:12:02 2026 -0300

    aula 09: realizacao do que se pede para o index.html

commit 8f78a24ff2294b275811fe69afb252e59762cfa0
Author: Larah Mônnica de Oliveira Lima <larah.lima@edu.senai.br>
Date:   Fri Sep 11 10:05:36 2026 -0300

    aula 09: criacao do index.html e estilo.css

commit 755370b616650a6baffd23b9ddd5c5e9c7b0668a
Author: Larah Mônnica de Oliveira Lima <larah.lima@edu.senai.br>
Date:   Fri Sep 11 09:45:10 2026 -0300

    html: reajustes após AULAHTML08

commit 00baab8064daca3ee68bc3faaab0eea6c755686b
Author: Larah Mônnica de Oliveira Lima <larah.lima@edu.senai.br>
Date:   Fri Sep 11 09:41:49 2026 -0300

    AULAHTML08 Finalizada!

commit 5a453fafe7fd1e172c0b4613936da8e7afcf0797
Author: Larah Mônnica de Oliveira Lima <larah.lima@edu.senai.br>
Date:   Fri Sep 11 09:00:43 2026 -0300

    aula 08 (opcional): criacao do index.html e estilo.css

commit 19cdd54d5096ddc09adf054646193b3f6c58f8a8
Author: Larah Mônnica de Oliveira Lima <larah.lima@edu.senai.br>
Date:   Thu Sep 10 15:37:30 2026 -0300

    AULAHTML04(opcional) finalizada!

commit 805278b9983e3b56c3a67022f7ec04f65612b6a2
Author: Larah Mônnica de Oliveira Lima <larah.lima@edu.senai.br>
Date:   Thu Sep 10 15:36:32 2026 -0300

    AULAHTML04(opcional) finalizada!

commit 20c7f57a6f674eb6b4c1acd527727f0284c520d4
Author: Larah Mônnica de Oliveira Lima <larah.lima@edu.senai.br>
Date:   Thu Sep 10 10:44:30 2026 -0300

    html: reajustes (exclusao do historico.log)

commit 98f87dcd47ae385a4c6e1658a339d912c30553f3
Author: Larah Mônnica de Oliveira Lima <larah.lima@edu.senai.br>
Date:   Thu Sep 10 10:40:07 2026 -0300

    AULAHTML04 Finalizada!

commit 5fe62a002d24afc775eabe509cefcb7d1d1afbaf
Author: Larah Mônnica de Oliveira Lima <larah.lima@edu.senai.br>
Date:   Thu Sep 10 10:38:49 2026 -0300

    AULAHTML04 Finalizada!

commit 0fcaa8f393bd165edf1c6a366956c694bb021bad
Author: Larah Mônnica de Oliveira Lima <larah.lima@edu.senai.br>
Date:   Thu Sep 10 09:43:38 2026 -0300

    AULAHTML04 Finalizada!

commit a5a8d2dc4c4ec0a8132e53012af165937ceb3085
Author: Larah Mônnica de Oliveira Lima <larah.lima@edu.senai.br>
Date:   Thu Sep 10 09:43:08 2026 -0300

    aula 04: realizacao do que se pede para o estilos.css

commit e85b9c91d08a57a268a4b194521140bc9aa4c3f0
Author: Larah Mônnica de Oliveira Lima <larah.lima@edu.senai.br>
Date:   Thu Sep 10 09:06:17 2026 -0300

    aula 04: realizacao do que se pede para o index.html

commit 4a65d61b1edf5600aae06d12ca071f10b2e3cade
Author: Larah Mônnica de Oliveira Lima <larah.lima@edu.senai.br>
Date:   Thu Sep 10 08:40:46 2026 -0300

    aula 04: criacao do index.html e estilos.css

commit d8a30b0198eb50910aa66e4cd5577292dd25a534
Author: Larah Mônnica de Oliveira Lima <larah.lima@edu.senai.br>
Date:   Thu Sep 10 08:38:55 2026 -0300

    html: reajustes nos arquivos

commit 1a6969d7f559657d99ea44159798d47460c12541
Author: Larah Mônnica de Oliveira Lima <larah.lima@edu.senai.br>
Date:   Thu Sep 10 08:33:54 2026 -0300

    html: reajuste de pastas e arquivos

commit 39f8e32a76bdb0eaf3d176e838c44eb1834221ab
Author: Larah Mônnica de Oliveira Lima <larah.lima@edu.senai.br>
Date:   Thu Sep 10 08:27:27 2026 -0300

    html: criacao da pasta 'HTML'

commit 01b4b6edb1426358d23ee370d04c0b03c8179ca4
Author: Larah Mônnica de Oliveira Lima <larah.lima@edu.senai.br>
Date:   Thu Sep 10 08:14:38 2026 -0300

    html: criacao das pastas 'Imagens' e 'Vídeos'

commit 03f45717615ca3bdd6ddf6f06d39994be1148c94
Author: Larah Mônnica de Oliveira Lima <larah.lima@edu.senai.br>
Date:   Fri Sep 4 08:21:14 2026 -0300

    AULAHTML03 Finalizada!

commit f754a6ff7f8a44e1e027b5e981c78a5016d17b07
Author: Larah Mônnica de Oliveira Lima <larah.lima@edu.senai.br>
Date:   Fri Sep 4 08:20:44 2026 -0300

    aula 03: finalizacao do bloco 7

commit 6f206e283e58f5ffdaad77a9b97a441b40257962
Author: Larah Mônnica de Oliveira Lima <larah.lima@edu.senai.br>
Date:   Fri Sep 4 08:19:19 2026 -0300

    aula 03: adicao da segunda <section> e conteudo

commit cfd17acb4390fce11e87c3916086185a3fdb7f24
Author: Larah Mônnica de Oliveira Lima <larah.lima@edu.senai.br>
Date:   Fri Sep 4 08:11:37 2026 -0300

    aula 03: adicao da <section> "Sobre Mim"

commit 14ac806947b9c98a8b8b002d1af15dece9eaa2a7
Author: Larah Mônnica de Oliveira Lima <larah.lima@edu.senai.br>
Date:   Thu Sep 3 10:43:50 2026 -0300

    AULAHTML02 Finalizada!

commit 1fcc60265cae8b47543beef318ab9ae5c932f56f
Author: Larah Mônnica de Oliveira Lima <larah.lima@edu.senai.br>
Date:   Thu Sep 3 10:42:29 2026 -0300

    AULAHTML02 Finalizada!

commit e13c577d5c87d9ff3c1ddc29364f17cdf6dadbbf
Author: Larah Mônnica de Oliveira Lima <larah.lima@edu.senai.br>
Date:   Thu Sep 3 10:41:13 2026 -0300

    AULAHTML02 Finalizada!

commit fcdb9042e248b30008c552bbe3d3ebeb24f11521
Author: Larah Mônnica de Oliveira Lima <larah.lima@edu.senai.br>
Date:   Thu Sep 3 10:36:15 2026 -0300

    AULAHTML02 Finalizada!

commit 26c79593b346c0005207e64c4872407cc120c730
Author: Larah Mônnica de Oliveira Lima <larah.lima@edu.senai.br>
Date:   Thu Sep 3 10:20:16 2026 -0300

    AULAHTML02 Finalizada!

commit 352a854ed9a9fbf99f2df6a47ee3979bd47453dc
Author: Larah Mônnica de Oliveira Lima <larah.lima@edu.senai.br>
Date:   Thu Sep 3 10:17:04 2026 -0300

    aula 02: adicao do video e alteracoes

commit cb2c7964c0d76f7850dc19cc12fab9084415a206
Author: Larah Mônnica de Oliveira Lima <larah.lima@edu.senai.br>
Date:   Thu Sep 3 10:10:33 2026 -0300

    aula 02: adicao do marquee e alteracoes

commit d76e95fc667a4a76b0b3114e0a1a88a3484dd288
Author: Larah Mônnica de Oliveira Lima <larah.lima@edu.senai.br>
Date:   Thu Sep 3 10:09:38 2026 -0300

    aula 02: adicao da imagem e alteracoes

commit 061ff37b5a1e600586bbff96feae5565ff190681
Author: Larah Mônnica de Oliveira Lima <larah.lima@edu.senai.br>
Date:   Thu Sep 3 10:06:06 2026 -0300

    aula 02: finalizacao do bloco 2

commit 50dd111eed7fb16662138f65418753bd4ba5c834
Author: Larah Mônnica de Oliveira Lima <larah.lima@edu.senai.br>
Date:   Thu Sep 3 10:01:32 2026 -0300

    aula 02: finalizacao do bloco 1

commit 17b939ec7cbdad0b8c4897130b9d7e3209a21ed9
Author: Larah Mônnica de Oliveira Lima <larah.lima@edu.senai.br>
Date:   Thu Sep 3 09:58:50 2026 -0300

    aula 02: estrutura do <head>

commit 8c4f87ace8d1a15238baf8826123b21a9a1ee4fa
Author: Larah Mônnica de Oliveira Lima <larah.lima@edu.senai.br>
Date:   Thu Sep 3 09:56:59 2026 -0300

    aula 02: estrutura básica do html

commit 2201316892ee3ca27027a70886ae95dd92e2800b
Author: Larah Mônnica de Oliveira Lima <larah.lima@edu.senai.br>
Date:   Thu Sep 3 09:54:10 2026 -0300

    criacao do index.html

commit 693b8e16293ca5778cf3d499276d9d75cbc6839b
Author: Larah Mônnica de Oliveira Lima <larah.lima@edu.senai.br>
Date:   Thu Aug 20 09:43:40 2026 -0300

    docs: realizacao da introducao a Web e Linguagens de Marcacao

commit 70d9f3add8b1ef0ccce32e254394a214f14c9bd0
Author: Larah Mônnica de Oliveira Lima <larah.lima@edu.senai.br>
Date:   Thu Aug 20 09:38:21 2026 -0300

    docs: realizacao da introdução à Web e Linguagens de Marcação

commit a5b38ea16e6d20373bd159d999787448c7b22983
Author: Larah Mônnica de Oliveira Lima <larah.lima@edu.senai.br>
Date:   Mon Aug 17 18:48:04 2026 -0300

    feat: encerramento do dossiê e documentação da SA01

commit 947fdf6b25e6e71e9693bfa3a397815ff919bca6
Author: Larah Mônnica de Oliveira Lima <larah.lima@edu.senai.br>
Date:   Fri Aug 14 09:04:45 2026 -0300

    feat: encerramento do dossiê e documentação da SA01

commit 19f853a4d7b50daa1e226e51f6c0d0dbd25a39f8
Author: Larah Mônnica de Oliveira Lima <larah.lima@edu.senai.br>
Date:   Fri Aug 14 09:01:04 2026 -0300

    feat: encerramento do dossiê e documentação da SA01

commit f72353209419234d654ee3f8d96fca01ede05a17
Author: Larah Mônnica de Oliveira Lima <larah.lima@edu.senai.br>
Date:   Fri Aug 14 08:55:08 2026 -0300

    feat: encerramento do dossiê e documentação da SA01

commit 22121c7443dc2efb199da142c890c51589c8ef16
Author: Larah Mônnica de Oliveira Lima <larah.lima@edu.senai.br>
Date:   Fri Aug 14 08:49:54 2026 -0300

    docs: alteracoes finais na estrutura do projeto e a documentacao

commit b313a8c416f468aa13d13a483d2bed83d3adb3c2
Author: Larah Mônnica de Oliveira Lima <larah.lima@edu.senai.br>
Date:   Fri Aug 14 08:02:04 2026 -0300

    docs: alteracao final do README.md

commit 684adceb21e65d1c9830729be906808cf4aeba6e
Author: Larah Mônnica de Oliveira Lima <larah.lima@edu.senai.br>
Date:   Fri Aug 14 07:57:11 2026 -0300

    feat: encerramento do dossiê e documentação da SA01

commit b5d3879d641b2db44c75ce66e3659d3e600470b3
Author: Larah Mônnica de Oliveira Lima <larah.lima@edu.senai.br>
Date:   Thu Aug 13 14:37:45 2026 -0300

    docs: segunda alteracao no guia de estilo inicial

commit 7badd2f074514632ca23741bac8220dd238d306f
Author: Larah Mônnica de Oliveira Lima <larah.lima@edu.senai.br>
Date:   Thu Aug 13 13:39:57 2026 -0300

    docs: adiciona icons e logo da loja virtual de roupas

commit 91351a2c34603609122d43c07ad600560f07fdce
Author: Larah Mônnica de Oliveira Lima <larah.lima@edu.senai.br>
Date:   Thu Aug 13 10:49:05 2026 -0300

    docs: alteracao no guia de estilo inicial

commit e79e54454ef84dd068582491d79a958043cdd3a9
Author: Larah Mônnica de Oliveira Lima <larah.lima@edu.senai.br>
Date:   Thu Aug 13 08:35:53 2026 -0300

    docs: insere conteúdo do Guia de Estilo Inicial

commit 7eae1734b3dd61b4848115743b2f45dd761a5f1e
Author: Larah Mônnica de Oliveira Lima <larah.lima@edu.senai.br>
Date:   Thu Aug 13 08:20:41 2026 -0300

    docs: insere o guia de estilo inicial

commit cc3c0067aa797f9e90fc4c001a8558868805c32a
Author: Larah Mônnica de Oliveira Lima <larah.lima@edu.senai.br>
Date:   Thu Aug 13 08:14:57 2026 -0300

    docs: ajuste dos arquivos e pastas após alteração do nome da pasta Loja-virtual-de-roupas/

commit dc3085d418eff2142c8bc2921ee79370b34c30b5
Author: Larah Mônnica de Oliveira Lima <larah.lima@edu.senai.br>
Date:   Thu Aug 13 08:05:38 2026 -0300

    docs: altera o nome da pasta Loja\ virtual\ de\ roupas/ para Loja-virtual-de-roupas/

commit 71c9a06b884b90d91a4d3aa3d57d60a0d88c228c
Author: Larah Mônnica de Oliveira Lima <larah.lima@edu.senai.br>
Date:   Thu Aug 13 07:45:26 2026 -0300

    docs: alterar o nome da pasta Projeto_novaweb/ para Projeto_loja_roupas/

commit f3e6af8e12b5004c4d2fd98af5bb844e86afb444
Author: Larah Mônnica de Oliveira Lima <larah.lima@edu.senai.br>
Date:   Thu Aug 6 14:43:51 2026 -0300

    docs: adiciona o README.md no Projeto_novaweb

commit 4415304c2e86183f506ce36955ac562b80531d5e
Author: Larah Mônnica de Oliveira Lima <larah.lima@edu.senai.br>
Date:   Thu Aug 6 14:08:13 2026 -0300

    docs: adiciona a estrutura inicial da loja virtual

commit 985038cbb4fd1673704e899f4f242daf31d81d18
Author: Larah Mônnica de Oliveira Lima <larah.lima@edu.senai.br>
Date:   Thu Jul 30 13:23:23 2026 -0300

    docs: insere secao de requisitos no README

commit 6ea6955d2d6a9d33caec6def548c1997110f55df
Author: Larah Mônnica de Oliveira Lima <larah.lima@edu.senai.br>
Date:   Thu Jul 30 13:15:22 2026 -0300

    docs: adiciona documentacao inicial do projeto e notas de estudo
